Component: ARM Compiler 5.06 update 6 (build 750) Tool: armlink [4d35ed]

==============================================================================

Section Cross References

    main.o(i.main) refers to nrf5x_bsp.o(i.BSP_CLOCK_Config) for BSP_CLOCK_Config
    main.o(i.main) refers to nrf5x_bsp.o(i.BSP_GPIO_Config) for BSP_GPIO_Config
    main.o(i.main) refers to nrf5x_bsp.o(i.BSP_RTC_Config) for BSP_RTC_Config
    main.o(i.main) refers to main.o(i.IRQEvent_RTCCompare) for IRQEvent_RTCCompare
    main.o(i.main) refers to main.o(i.IRQEvent_RTCTick) for IRQEvent_RTCTick
    nrf5x_it.o(i.RTC0_IRQHandler) refers to nrf5x_bsp.o(.bss) for hrtc
    nrf5x_bsp.o(i.BSP_CLOCK_Config) refers to nrf5x_clock.o(i.CLOCK_Config) for CLOCK_Config
    nrf5x_bsp.o(i.BSP_GPIO_Config) refers to nrf5x_bsp.o(i.nrf_gpio_cfg_output) for nrf_gpio_cfg_output
    nrf5x_bsp.o(i.BSP_GPIO_Config) refers to nrf5x_bsp.o(i.nrf_gpio_cfg) for nrf_gpio_cfg
    nrf5x_bsp.o(i.BSP_RTC_Config) refers to nrf5x_rtc.o(i.RTC_BaseInit) for RTC_BaseInit
    nrf5x_bsp.o(i.BSP_RTC_Config) refers to nrf5x_rtc.o(i.RTC_ChannelInit) for RTC_ChannelInit
    nrf5x_bsp.o(i.BSP_RTC_Config) refers to nrf5x_rtc.o(i.RTC_InterruptCmd) for RTC_InterruptCmd
    nrf5x_bsp.o(i.BSP_RTC_Config) refers to nrf5x_rtc.o(i.RTC_Cmd) for RTC_Cmd
    nrf5x_bsp.o(i.BSP_RTC_Config) refers to nrf5x_bsp.o(.bss) for .bss
    nrf5x_bsp.o(i.nrf_gpio_cfg_output) refers to nrf5x_bsp.o(i.nrf_gpio_cfg) for nrf_gpio_cfg
    system_nrf52.o(i.SystemCoreClockUpdate) refers to system_nrf52.o(.data) for .data
    system_nrf52.o(i.SystemInit) refers to system_nrf52.o(.data) for .data
    arm_startup_nrf52.o(RESET) refers to arm_startup_nrf52.o(STACK) for __initial_sp
    arm_startup_nrf52.o(RESET) refers to arm_startup_nrf52.o(.text) for Reset_Handler
    arm_startup_nrf52.o(RESET) refers to nrf5x_it.o(i.NMI_Handler) for NMI_Handler
    arm_startup_nrf52.o(RESET) refers to nrf5x_it.o(i.HardFault_Handler) for HardFault_Handler
    arm_startup_nrf52.o(RESET) refers to nrf5x_it.o(i.MemoryManagement_Handler) for MemoryManagement_Handler
    arm_startup_nrf52.o(RESET) refers to nrf5x_it.o(i.BusFault_Handler) for BusFault_Handler
    arm_startup_nrf52.o(RESET) refers to nrf5x_it.o(i.UsageFault_Handler) for UsageFault_Handler
    arm_startup_nrf52.o(RESET) refers to nrf5x_it.o(i.SVC_Handler) for SVC_Handler
    arm_startup_nrf52.o(RESET) refers to nrf5x_it.o(i.PendSV_Handler) for PendSV_Handler
    arm_startup_nrf52.o(RESET) refers to nrf5x_it.o(i.RTC0_IRQHandler) for RTC0_IRQHandler
    arm_startup_nrf52.o(.text) refers to system_nrf52.o(i.SystemInit) for SystemInit
    arm_startup_nrf52.o(.text) refers to entry.o(.ARM.Collect$$$$00000000) for __main
    nrf5x_clock.o(i.CLOCK_Config) refers to nrf5x_clock.o(i.CLOCK_Init) for CLOCK_Init
    nrf5x_clock.o(i.CLOCK_Config) refers to nrf5x_clock.o(.bss) for .bss
    nrf5x_delay.o(i.delay_ms) refers to nrf5x_delay.o(i.nrf_delay_us) for nrf_delay_us
    nrf5x_delay.o(i.delay_us) refers to nrf5x_delay.o(i.nrf_delay_us) for nrf_delay_us
    nrf5x_delay.o(i.nrf_delay_us) refers to system_nrf52.o(.data) for SystemCoreClock
    entry.o(.ARM.Collect$$$$00000000) refers (Special) to entry10a.o(.ARM.Collect$$$$0000000D) for __rt_final_cpp
    entry.o(.ARM.Collect$$$$00000000) refers (Special) to entry11a.o(.ARM.Collect$$$$0000000F) for __rt_final_exit
    entry.o(.ARM.Collect$$$$00000000) refers (Special) to entry7b.o(.ARM.Collect$$$$00000008) for _main_clock
    entry.o(.ARM.Collect$$$$00000000) refers (Special) to entry8b.o(.ARM.Collect$$$$0000000A) for _main_cpp_init
    entry.o(.ARM.Collect$$$$00000000) refers (Special) to entry9a.o(.ARM.Collect$$$$0000000B) for _main_init
    entry.o(.ARM.Collect$$$$00000000) refers (Special) to entry5.o(.ARM.Collect$$$$00000004) for _main_scatterload
    entry.o(.ARM.Collect$$$$00000000) refers (Special) to entry2.o(.ARM.Collect$$$$00000001) for _main_stk
    entry2.o(.ARM.Collect$$$$00000001) refers to entry2.o(.ARM.Collect$$$$00002712) for __lit__00000000
    entry2.o(.ARM.Collect$$$$00002712) refers to arm_startup_nrf52.o(STACK) for __initial_sp
    entry2.o(__vectab_stack_and_reset_area) refers to arm_startup_nrf52.o(STACK) for __initial_sp
    entry2.o(__vectab_stack_and_reset_area) refers to entry.o(.ARM.Collect$$$$00000000) for __main
    entry5.o(.ARM.Collect$$$$00000004) refers to init.o(.text) for __scatterload
    entry9a.o(.ARM.Collect$$$$0000000B) refers to main.o(i.main) for main
    entry9b.o(.ARM.Collect$$$$0000000C) refers to main.o(i.main) for main
    init.o(.text) refers to entry5.o(.ARM.Collect$$$$00000004) for __main_after_scatterload


==============================================================================

Removing Unused input sections from the image.

    Removing main.o(.rev16_text), (4 bytes).
    Removing main.o(.revsh_text), (4 bytes).
    Removing main.o(.rrx_text), (6 bytes).
    Removing nrf5x_it.o(.rev16_text), (4 bytes).
    Removing nrf5x_it.o(.revsh_text), (4 bytes).
    Removing nrf5x_it.o(.rrx_text), (6 bytes).
    Removing nrf5x_bsp.o(.rev16_text), (4 bytes).
    Removing nrf5x_bsp.o(.revsh_text), (4 bytes).
    Removing nrf5x_bsp.o(.rrx_text), (6 bytes).
    Removing system_nrf52.o(.rev16_text), (4 bytes).
    Removing system_nrf52.o(.revsh_text), (4 bytes).
    Removing system_nrf52.o(.rrx_text), (6 bytes).
    Removing system_nrf52.o(i.SystemCoreClockUpdate), (16 bytes).
    Removing arm_startup_nrf52.o(HEAP), (8192 bytes).
    Removing nrf5x_rtc.o(.rev16_text), (4 bytes).
    Removing nrf5x_rtc.o(.revsh_text), (4 bytes).
    Removing nrf5x_rtc.o(.rrx_text), (6 bytes).
    Removing nrf5x_rtc.o(i.RTC_RoutingCmd), (30 bytes).
    Removing nrf5x_clock.o(.rev16_text), (4 bytes).
    Removing nrf5x_clock.o(.revsh_text), (4 bytes).
    Removing nrf5x_clock.o(.rrx_text), (6 bytes).
    Removing nrf5x_delay.o(.rev16_text), (4 bytes).
    Removing nrf5x_delay.o(.revsh_text), (4 bytes).
    Removing nrf5x_delay.o(.rrx_text), (6 bytes).
    Removing nrf5x_delay.o(i.delay_ms), (26 bytes).
    Removing nrf5x_delay.o(i.delay_nop), (16 bytes).
    Removing nrf5x_delay.o(i.delay_us), (10 bytes).
    Removing nrf5x_delay.o(i.nrf_delay_us), (140 bytes).
    Removing nrf_drv_common.o(.rev16_text), (4 bytes).
    Removing nrf_drv_common.o(.revsh_text), (4 bytes).
    Removing nrf_drv_common.o(.rrx_text), (6 bytes).
    Removing nrf_drv_common.o(i.nrf_drv_common_clock_irq_disable), (12 bytes).
    Removing nrf_drv_common.o(i.nrf_drv_common_irq_enable), (56 bytes).

33 unused section(s) (total 8610 bytes) removed from the image.

==============================================================================

Image Symbol Table

    Local Symbols

    Symbol Name                              Value     Ov Type        Size  Object(Section)

    RESET                                    0x00000000   Section     1024  arm_startup_nrf52.o(RESET)
    ../clib/microlib/init/entry.s            0x00000000   Number         0  entry7a.o ABSOLUTE
    ../clib/microlib/init/entry.s            0x00000000   Number         0  entry11b.o ABSOLUTE
    ../clib/microlib/init/entry.s            0x00000000   Number         0  entry11a.o ABSOLUTE
    ../clib/microlib/init/entry.s            0x00000000   Number         0  entry.o ABSOLUTE
    ../clib/microlib/init/entry.s            0x00000000   Number         0  entry10b.o ABSOLUTE
    ../clib/microlib/init/entry.s            0x00000000   Number         0  entry10a.o ABSOLUTE
    ../clib/microlib/init/entry.s            0x00000000   Number         0  entry9b.o ABSOLUTE
    ../clib/microlib/init/entry.s            0x00000000   Number         0  entry9a.o ABSOLUTE
    ../clib/microlib/init/entry.s            0x00000000   Number         0  entry8b.o ABSOLUTE
    ../clib/microlib/init/entry.s            0x00000000   Number         0  entry2.o ABSOLUTE
    ../clib/microlib/init/entry.s            0x00000000   Number         0  entry8a.o ABSOLUTE
    ../clib/microlib/init/entry.s            0x00000000   Number         0  entry5.o ABSOLUTE
    ../clib/microlib/init/entry.s            0x00000000   Number         0  entry7b.o ABSOLUTE
    ..\..\Libraries\CMSIS\arm_startup_nrf52.s 0x00000000   Number         0  arm_startup_nrf52.o ABSOLUTE
    ..\..\Libraries\CMSIS\system_nrf52.c     0x00000000   Number         0  system_nrf52.o ABSOLUTE
    ..\..\Libraries\nRF_Components\nRF_Drivers\nrf_drv_common.c 0x00000000   Number         0  nrf_drv_common.o ABSOLUTE
    ..\..\Libraries\nRF_Components\nRF_Libraries\util\sdk_errors.c 0x00000000   Number         0  sdk_errors.o ABSOLUTE
    ..\Program\drivers\nrf5x_clock.c         0x00000000   Number         0  nrf5x_clock.o ABSOLUTE
    ..\Program\drivers\nrf5x_delay.c         0x00000000   Number         0  nrf5x_delay.o ABSOLUTE
    ..\Program\drivers\nrf5x_rtc.c           0x00000000   Number         0  nrf5x_rtc.o ABSOLUTE
    ..\Program\main.c                        0x00000000   Number         0  main.o ABSOLUTE
    ..\Program\nrf5x_bsp.c                   0x00000000   Number         0  nrf5x_bsp.o ABSOLUTE
    ..\Program\nrf5x_it.c                    0x00000000   Number         0  nrf5x_it.o ABSOLUTE
    ..\\..\\Libraries\\CMSIS\\system_nrf52.c 0x00000000   Number         0  system_nrf52.o ABSOLUTE
    ..\\..\\Libraries\\nRF_Components\\nRF_Drivers\\nrf_drv_common.c 0x00000000   Number         0  nrf_drv_common.o ABSOLUTE
    ..\\Program\\drivers\\nrf5x_clock.c      0x00000000   Number         0  nrf5x_clock.o ABSOLUTE
    ..\\Program\\drivers\\nrf5x_delay.c      0x00000000   Number         0  nrf5x_delay.o ABSOLUTE
    ..\\Program\\drivers\\nrf5x_rtc.c        0x00000000   Number         0  nrf5x_rtc.o ABSOLUTE
    ..\\Program\\main.c                      0x00000000   Number         0  main.o ABSOLUTE
    ..\\Program\\nrf5x_bsp.c                 0x00000000   Number         0  nrf5x_bsp.o ABSOLUTE
    ..\\Program\\nrf5x_it.c                  0x00000000   Number         0  nrf5x_it.o ABSOLUTE
    dc.s                                     0x00000000   Number         0  dc.o ABSOLUTE
    handlers.s                               0x00000000   Number         0  handlers.o ABSOLUTE
    init.s                                   0x00000000   Number         0  init.o ABSOLUTE
    .ARM.Collect$$$$00000000                 0x00000400   Section        0  entry.o(.ARM.Collect$$$$00000000)
    .ARM.Collect$$$$00000001                 0x00000400   Section        4  entry2.o(.ARM.Collect$$$$00000001)
    .ARM.Collect$$$$00000004                 0x00000404   Section        4  entry5.o(.ARM.Collect$$$$00000004)
    .ARM.Collect$$$$00000008                 0x00000408   Section        0  entry7b.o(.ARM.Collect$$$$00000008)
    .ARM.Collect$$$$0000000A                 0x00000408   Section        0  entry8b.o(.ARM.Collect$$$$0000000A)
    .ARM.Collect$$$$0000000B                 0x00000408   Section        8  entry9a.o(.ARM.Collect$$$$0000000B)
    .ARM.Collect$$$$0000000D                 0x00000410   Section        0  entry10a.o(.ARM.Collect$$$$0000000D)
    .ARM.Collect$$$$0000000F                 0x00000410   Section        0  entry11a.o(.ARM.Collect$$$$0000000F)
    .ARM.Collect$$$$00002712                 0x00000410   Section        4  entry2.o(.ARM.Collect$$$$00002712)
    __lit__00000000                          0x00000410   Data           4  entry2.o(.ARM.Collect$$$$00002712)
    .text                                    0x00000414   Section       36  arm_startup_nrf52.o(.text)
    $v0                                      0x00000414   Number         0  arm_startup_nrf52.o(.text)
    .text                                    0x00000438   Section       36  init.o(.text)
    i.BSP_CLOCK_Config                       0x0000045c   Section        0  nrf5x_bsp.o(i.BSP_CLOCK_Config)
    i.BSP_GPIO_Config                        0x00000460   Section        0  nrf5x_bsp.o(i.BSP_GPIO_Config)
    i.BSP_RTC_Config                         0x00000498   Section        0  nrf5x_bsp.o(i.BSP_RTC_Config)
    i.BusFault_Handler                       0x00000510   Section        0  nrf5x_it.o(i.BusFault_Handler)
    i.CLOCK_Config                           0x00000514   Section        0  nrf5x_clock.o(i.CLOCK_Config)
    i.CLOCK_Init                             0x00000528   Section        0  nrf5x_clock.o(i.CLOCK_Init)
    i.HardFault_Handler                      0x00000588   Section        0  nrf5x_it.o(i.HardFault_Handler)
    i.IRQEvent_RTCCompare                    0x0000058c   Section        0  main.o(i.IRQEvent_RTCCompare)
    i.IRQEvent_RTCTick                       0x0000059c   Section        0  main.o(i.IRQEvent_RTCTick)
    i.MemoryManagement_Handler               0x000005ac   Section        0  nrf5x_it.o(i.MemoryManagement_Handler)
    i.NMI_Handler                            0x000005ae   Section        0  nrf5x_it.o(i.NMI_Handler)
    i.PendSV_Handler                         0x000005b0   Section        0  nrf5x_it.o(i.PendSV_Handler)
    i.RTC0_IRQHandler                        0x000005b4   Section        0  nrf5x_it.o(i.RTC0_IRQHandler)
    i.RTC_BaseInit                           0x000005f8   Section        0  nrf5x_rtc.o(i.RTC_BaseInit)
    i.RTC_ChannelInit                        0x00000600   Section        0  nrf5x_rtc.o(i.RTC_ChannelInit)
    i.RTC_Cmd                                0x00000612   Section        0  nrf5x_rtc.o(i.RTC_Cmd)
    i.RTC_InterruptCmd                       0x00000626   Section        0  nrf5x_rtc.o(i.RTC_InterruptCmd)
    i.SVC_Handler                            0x00000644   Section        0  nrf5x_it.o(i.SVC_Handler)
    i.SystemInit                             0x00000648   Section        0  system_nrf52.o(i.SystemInit)
    i.UsageFault_Handler                     0x0000087c   Section        0  nrf5x_it.o(i.UsageFault_Handler)
    i.__scatterload_copy                     0x0000087e   Section       14  handlers.o(i.__scatterload_copy)
    i.__scatterload_null                     0x0000088c   Section        2  handlers.o(i.__scatterload_null)
    i.__scatterload_zeroinit                 0x0000088e   Section       14  handlers.o(i.__scatterload_zeroinit)
    i.main                                   0x0000089c   Section        0  main.o(i.main)
    i.nrf_gpio_cfg                           0x000008b8   Section        0  nrf5x_bsp.o(i.nrf_gpio_cfg)
    nrf_gpio_cfg                             0x000008b9   Thumb Code    36  nrf5x_bsp.o(i.nrf_gpio_cfg)
    i.nrf_gpio_cfg_output                    0x000008dc   Section        0  nrf5x_bsp.o(i.nrf_gpio_cfg_output)
    nrf_gpio_cfg_output                      0x000008dd   Thumb Code    20  nrf5x_bsp.o(i.nrf_gpio_cfg_output)
    .data                                    0x20000000   Section        4  system_nrf52.o(.data)
    __tagsym$$used                           0x20000000   Number         0  system_nrf52.o(.data)
    .bss                                     0x20000004   Section       28  nrf5x_bsp.o(.bss)
    .bss                                     0x20000020   Section       20  nrf5x_clock.o(.bss)
    STACK                                    0x20000038   Section     8192  arm_startup_nrf52.o(STACK)

    Global Symbols

    Symbol Name                              Value     Ov Type        Size  Object(Section)

    BuildAttributes$$THM_ISAv4$E$P$D$K$B$S$7EM$VFPi3$EXTD16$VFPS$VFMA$PE$A:L22UL41UL21$X:L11$S22US41US21$IEEE1$IW$USESV6$~STKCKD$USESV7$~SHL$OSPACE$EBA8$MICROLIB$REQ8$PRES8$EABIv2 0x00000000   Number         0  anon$$obj.o ABSOLUTE
    __ARM_use_no_argv                        0x00000000   Number         0  main.o ABSOLUTE
    __Vectors                                0x00000000   Data           4  arm_startup_nrf52.o(RESET)
    __cpp_initialize__aeabi_                  - Undefined Weak Reference
    __cxa_finalize                            - Undefined Weak Reference
    __decompress                              - Undefined Weak Reference
    _clock_init                               - Undefined Weak Reference
    _microlib_exit                            - Undefined Weak Reference
    __Vectors_End                            0x00000400   Data           0  arm_startup_nrf52.o(RESET)
    __Vectors_Size                           0x00000400   Number         0  arm_startup_nrf52.o ABSOLUTE
    __main                                   0x00000401   Thumb Code     0  entry.o(.ARM.Collect$$$$00000000)
    _main_stk                                0x00000401   Thumb Code     0  entry2.o(.ARM.Collect$$$$00000001)
    _main_scatterload                        0x00000405   Thumb Code     0  entry5.o(.ARM.Collect$$$$00000004)
    __main_after_scatterload                 0x00000409   Thumb Code     0  entry5.o(.ARM.Collect$$$$00000004)
    _main_clock                              0x00000409   Thumb Code     0  entry7b.o(.ARM.Collect$$$$00000008)
    _main_cpp_init                           0x00000409   Thumb Code     0  entry8b.o(.ARM.Collect$$$$0000000A)
    _main_init                               0x00000409   Thumb Code     0  entry9a.o(.ARM.Collect$$$$0000000B)
    __rt_final_cpp                           0x00000411   Thumb Code     0  entry10a.o(.ARM.Collect$$$$0000000D)
    __rt_final_exit                          0x00000411   Thumb Code     0  entry11a.o(.ARM.Collect$$$$0000000F)
    Reset_Handler                            0x00000415   Thumb Code     8  arm_startup_nrf52.o(.text)
    DebugMon_Handler                         0x00000429   Thumb Code     2  arm_startup_nrf52.o(.text)
    SysTick_Handler                          0x0000042d   Thumb Code     2  arm_startup_nrf52.o(.text)
    CCM_AAR_IRQHandler                       0x0000042f   Thumb Code     0  arm_startup_nrf52.o(.text)
    COMP_LPCOMP_IRQHandler                   0x0000042f   Thumb Code     0  arm_startup_nrf52.o(.text)
    ECB_IRQHandler                           0x0000042f   Thumb Code     0  arm_startup_nrf52.o(.text)
    FPU_IRQHandler                           0x0000042f   Thumb Code     0  arm_startup_nrf52.o(.text)
    GPIOTE_IRQHandler                        0x0000042f   Thumb Code     0  arm_startup_nrf52.o(.text)
    I2S_IRQHandler                           0x0000042f   Thumb Code     0  arm_startup_nrf52.o(.text)
    MWU_IRQHandler                           0x0000042f   Thumb Code     0  arm_startup_nrf52.o(.text)
    NFCT_IRQHandler                          0x0000042f   Thumb Code     0  arm_startup_nrf52.o(.text)
    PDM_IRQHandler                           0x0000042f   Thumb Code     0  arm_startup_nrf52.o(.text)
    POWER_CLOCK_IRQHandler                   0x0000042f   Thumb Code     0  arm_startup_nrf52.o(.text)
    PWM0_IRQHandler                          0x0000042f   Thumb Code     0  arm_startup_nrf52.o(.text)
    PWM1_IRQHandler                          0x0000042f   Thumb Code     0  arm_startup_nrf52.o(.text)
    PWM2_IRQHandler                          0x0000042f   Thumb Code     0  arm_startup_nrf52.o(.text)
    QDEC_IRQHandler                          0x0000042f   Thumb Code     0  arm_startup_nrf52.o(.text)
    RADIO_IRQHandler                         0x0000042f   Thumb Code     0  arm_startup_nrf52.o(.text)
    RNG_IRQHandler                           0x0000042f   Thumb Code     0  arm_startup_nrf52.o(.text)
    RTC1_IRQHandler                          0x0000042f   Thumb Code     0  arm_startup_nrf52.o(.text)
    RTC2_IRQHandler                          0x0000042f   Thumb Code     0  arm_startup_nrf52.o(.text)
    SAADC_IRQHandler                         0x0000042f   Thumb Code     0  arm_startup_nrf52.o(.text)
    SPIM0_SPIS0_TWIM0_TWIS0_SPI0_TWI0_IRQHandler 0x0000042f   Thumb Code     0  arm_startup_nrf52.o(.text)
    SPIM1_SPIS1_TWIM1_TWIS1_SPI1_TWI1_IRQHandler 0x0000042f   Thumb Code     0  arm_startup_nrf52.o(.text)
    SPIM2_SPIS2_SPI2_IRQHandler              0x0000042f   Thumb Code     0  arm_startup_nrf52.o(.text)
    SWI0_EGU0_IRQHandler                     0x0000042f   Thumb Code     0  arm_startup_nrf52.o(.text)
    SWI1_EGU1_IRQHandler                     0x0000042f   Thumb Code     0  arm_startup_nrf52.o(.text)
    SWI2_EGU2_IRQHandler                     0x0000042f   Thumb Code     0  arm_startup_nrf52.o(.text)
    SWI3_EGU3_IRQHandler                     0x0000042f   Thumb Code     0  arm_startup_nrf52.o(.text)
    SWI4_EGU4_IRQHandler                     0x0000042f   Thumb Code     0  arm_startup_nrf52.o(.text)
    SWI5_EGU5_IRQHandler                     0x0000042f   Thumb Code     0  arm_startup_nrf52.o(.text)
    TEMP_IRQHandler                          0x0000042f   Thumb Code     0  arm_startup_nrf52.o(.text)
    TIMER0_IRQHandler                        0x0000042f   Thumb Code     0  arm_startup_nrf52.o(.text)
    TIMER1_IRQHandler                        0x0000042f   Thumb Code     0  arm_startup_nrf52.o(.text)
    TIMER2_IRQHandler                        0x0000042f   Thumb Code     0  arm_startup_nrf52.o(.text)
    TIMER3_IRQHandler                        0x0000042f   Thumb Code     0  arm_startup_nrf52.o(.text)
    TIMER4_IRQHandler                        0x0000042f   Thumb Code     0  arm_startup_nrf52.o(.text)
    UARTE0_UART0_IRQHandler                  0x0000042f   Thumb Code     0  arm_startup_nrf52.o(.text)
    WDT_IRQHandler                           0x0000042f   Thumb Code     0  arm_startup_nrf52.o(.text)
    __scatterload                            0x00000439   Thumb Code    28  init.o(.text)
    __scatterload_rt2                        0x00000439   Thumb Code     0  init.o(.text)
    BSP_CLOCK_Config                         0x0000045d   Thumb Code     4  nrf5x_bsp.o(i.BSP_CLOCK_Config)
    BSP_GPIO_Config                          0x00000461   Thumb Code    52  nrf5x_bsp.o(i.BSP_GPIO_Config)
    BSP_RTC_Config                           0x00000499   Thumb Code   106  nrf5x_bsp.o(i.BSP_RTC_Config)
    BusFault_Handler                         0x00000511   Thumb Code     2  nrf5x_it.o(i.BusFault_Handler)
    CLOCK_Config                             0x00000515   Thumb Code    16  nrf5x_clock.o(i.CLOCK_Config)
    CLOCK_Init                               0x00000529   Thumb Code    90  nrf5x_clock.o(i.CLOCK_Init)
    HardFault_Handler                        0x00000589   Thumb Code     2  nrf5x_it.o(i.HardFault_Handler)
    IRQEvent_RTCCompare                      0x0000058d   Thumb Code    12  main.o(i.IRQEvent_RTCCompare)
    IRQEvent_RTCTick                         0x0000059d   Thumb Code    12  main.o(i.IRQEvent_RTCTick)
    MemoryManagement_Handler                 0x000005ad   Thumb Code     2  nrf5x_it.o(i.MemoryManagement_Handler)
    NMI_Handler                              0x000005af   Thumb Code     2  nrf5x_it.o(i.NMI_Handler)
    PendSV_Handler                           0x000005b1   Thumb Code     2  nrf5x_it.o(i.PendSV_Handler)
    RTC0_IRQHandler                          0x000005b5   Thumb Code    60  nrf5x_it.o(i.RTC0_IRQHandler)
    RTC_BaseInit                             0x000005f9   Thumb Code     8  nrf5x_rtc.o(i.RTC_BaseInit)
    RTC_ChannelInit                          0x00000601   Thumb Code    18  nrf5x_rtc.o(i.RTC_ChannelInit)
    RTC_Cmd                                  0x00000613   Thumb Code    20  nrf5x_rtc.o(i.RTC_Cmd)
    RTC_InterruptCmd                         0x00000627   Thumb Code    30  nrf5x_rtc.o(i.RTC_InterruptCmd)
    SVC_Handler                              0x00000645   Thumb Code     2  nrf5x_it.o(i.SVC_Handler)
    SystemInit                               0x00000649   Thumb Code   520  system_nrf52.o(i.SystemInit)
    UsageFault_Handler                       0x0000087d   Thumb Code     2  nrf5x_it.o(i.UsageFault_Handler)
    __scatterload_copy                       0x0000087f   Thumb Code    14  handlers.o(i.__scatterload_copy)
    __scatterload_null                       0x0000088d   Thumb Code     2  handlers.o(i.__scatterload_null)
    __scatterload_zeroinit                   0x0000088f   Thumb Code    14  handlers.o(i.__scatterload_zeroinit)
    main                                     0x0000089d   Thumb Code    18  main.o(i.main)
    Region$$Table$$Base                      0x000008f0   Number         0  anon$$obj.o(Region$$Table)
    Region$$Table$$Limit                     0x00000910   Number         0  anon$$obj.o(Region$$Table)
    SystemCoreClock                          0x20000000   Data           4  system_nrf52.o(.data)
    hrtc                                     0x20000004   Data          16  nrf5x_bsp.o(.bss)
    hrtc_ch                                  0x20000014   Data          12  nrf5x_bsp.o(.bss)
    hclk                                     0x20000020   Data          20  nrf5x_clock.o(.bss)
    __initial_sp                             0x20002038   Data           0  arm_startup_nrf52.o(STACK)



==============================================================================

Memory Map of the image

  Image Entry point : 0x00000401

  Load Region LR_IROM1 (Base: 0x00000000, Size: 0x00000914, Max: 0x00080000, ABSOLUTE)

    Execution Region ER_IROM1 (Exec base: 0x00000000, Load base: 0x00000000, Size: 0x00000910, Max: 0x00080000, ABSOLUTE)

    Exec Addr    Load Addr    Size         Type   Attr      Idx    E Section Name        Object

    0x00000000   0x00000000   0x00000400   Data   RO          332    RESET               arm_startup_nrf52.o
    0x00000400   0x00000400   0x00000000   Code   RO          533  * .ARM.Collect$$$$00000000  mc_w.l(entry.o)
    0x00000400   0x00000400   0x00000004   Code   RO          536    .ARM.Collect$$$$00000001  mc_w.l(entry2.o)
    0x00000404   0x00000404   0x00000004   Code   RO          539    .ARM.Collect$$$$00000004  mc_w.l(entry5.o)
    0x00000408   0x00000408   0x00000000   Code   RO          541    .ARM.Collect$$$$00000008  mc_w.l(entry7b.o)
    0x00000408   0x00000408   0x00000000   Code   RO          543    .ARM.Collect$$$$0000000A  mc_w.l(entry8b.o)
    0x00000408   0x00000408   0x00000008   Code   RO          544    .ARM.Collect$$$$0000000B  mc_w.l(entry9a.o)
    0x00000410   0x00000410   0x00000000   Code   RO          546    .ARM.Collect$$$$0000000D  mc_w.l(entry10a.o)
    0x00000410   0x00000410   0x00000000   Code   RO          548    .ARM.Collect$$$$0000000F  mc_w.l(entry11a.o)
    0x00000410   0x00000410   0x00000004   Code   RO          537    .ARM.Collect$$$$00002712  mc_w.l(entry2.o)
    0x00000414   0x00000414   0x00000024   Code   RO          333    .text               arm_startup_nrf52.o
    0x00000438   0x00000438   0x00000024   Code   RO          550    .text               mc_w.l(init.o)
    0x0000045c   0x0000045c   0x00000004   Code   RO          231    i.BSP_CLOCK_Config  nrf5x_bsp.o
    0x00000460   0x00000460   0x00000038   Code   RO          232    i.BSP_GPIO_Config   nrf5x_bsp.o
    0x00000498   0x00000498   0x00000078   Code   RO          233    i.BSP_RTC_Config    nrf5x_bsp.o
    0x00000510   0x00000510   0x00000002   Code   RO          164    i.BusFault_Handler  nrf5x_it.o
    0x00000512   0x00000512   0x00000002   PAD
    0x00000514   0x00000514   0x00000014   Code   RO          388    i.CLOCK_Config      nrf5x_clock.o
    0x00000528   0x00000528   0x00000060   Code   RO          389    i.CLOCK_Init        nrf5x_clock.o
    0x00000588   0x00000588   0x00000002   Code   RO          165    i.HardFault_Handler  nrf5x_it.o
    0x0000058a   0x0000058a   0x00000002   PAD
    0x0000058c   0x0000058c   0x00000010   Code   RO            4    i.IRQEvent_RTCCompare  main.o
    0x0000059c   0x0000059c   0x00000010   Code   RO            5    i.IRQEvent_RTCTick  main.o
    0x000005ac   0x000005ac   0x00000002   Code   RO          166    i.MemoryManagement_Handler  nrf5x_it.o
    0x000005ae   0x000005ae   0x00000002   Code   RO          167    i.NMI_Handler       nrf5x_it.o
    0x000005b0   0x000005b0   0x00000002   Code   RO          168    i.PendSV_Handler    nrf5x_it.o
    0x000005b2   0x000005b2   0x00000002   PAD
    0x000005b4   0x000005b4   0x00000044   Code   RO          169    i.RTC0_IRQHandler   nrf5x_it.o
    0x000005f8   0x000005f8   0x00000008   Code   RO          340    i.RTC_BaseInit      nrf5x_rtc.o
    0x00000600   0x00000600   0x00000012   Code   RO          341    i.RTC_ChannelInit   nrf5x_rtc.o
    0x00000612   0x00000612   0x00000014   Code   RO          342    i.RTC_Cmd           nrf5x_rtc.o
    0x00000626   0x00000626   0x0000001e   Code   RO          343    i.RTC_InterruptCmd  nrf5x_rtc.o
    0x00000644   0x00000644   0x00000002   Code   RO          170    i.SVC_Handler       nrf5x_it.o
    0x00000646   0x00000646   0x00000002   PAD
    0x00000648   0x00000648   0x00000234   Code   RO          291    i.SystemInit        system_nrf52.o
    0x0000087c   0x0000087c   0x00000002   Code   RO          171    i.UsageFault_Handler  nrf5x_it.o
    0x0000087e   0x0000087e   0x0000000e   Code   RO          554    i.__scatterload_copy  mc_w.l(handlers.o)
    0x0000088c   0x0000088c   0x00000002   Code   RO          555    i.__scatterload_null  mc_w.l(handlers.o)
    0x0000088e   0x0000088e   0x0000000e   Code   RO          556    i.__scatterload_zeroinit  mc_w.l(handlers.o)
    0x0000089c   0x0000089c   0x0000001c   Code   RO            6    i.main              main.o
    0x000008b8   0x000008b8   0x00000024   Code   RO          234    i.nrf_gpio_cfg      nrf5x_bsp.o
    0x000008dc   0x000008dc   0x00000014   Code   RO          235    i.nrf_gpio_cfg_output  nrf5x_bsp.o
    0x000008f0   0x000008f0   0x00000020   Data   RO          552    Region$$Table       anon$$obj.o


    Execution Region RW_IRAM1 (Exec base: 0x20000000, Load base: 0x00000910, Size: 0x00002038, Max: 0x00008000, ABSOLUTE)

    Exec Addr    Load Addr    Size         Type   Attr      Idx    E Section Name        Object

    0x20000000   0x00000910   0x00000004   Data   RW          292    .data               system_nrf52.o
    0x20000004        -       0x0000001c   Zero   RW          236    .bss                nrf5x_bsp.o
    0x20000020        -       0x00000014   Zero   RW          390    .bss                nrf5x_clock.o
    0x20000034   0x00000914   0x00000004   PAD
    0x20000038        -       0x00002000   Zero   RW          330    STACK               arm_startup_nrf52.o


==============================================================================

Image component sizes


      Code (inc. data)   RO Data    RW Data    ZI Data      Debug   Object Name

        36          8       1024          0       8192        852   arm_startup_nrf52.o
        60         18          0          0          0      37736   main.o
       236         18          0          0         28      34376   nrf5x_bsp.o
       116         10          0          0         20       1623   nrf5x_clock.o
        82          8          0          0          0       3714   nrf5x_it.o
        76          0          0          0          0       2530   nrf5x_rtc.o
       564         44          0          4          0       2291   system_nrf52.o

    ----------------------------------------------------------------------
      1178        106       1056          4       8244      83122   Object Totals
         0          0         32          0          0          0   (incl. Generated)
         8          0          0          0          4          0   (incl. Padding)

    ----------------------------------------------------------------------

      Code (inc. data)   RO Data    RW Data    ZI Data      Debug   Library Member Name

         0          0          0          0          0          0   entry.o
         0          0          0          0          0          0   entry10a.o
         0          0          0          0          0          0   entry11a.o
         8          4          0          0          0          0   entry2.o
         4          0          0          0          0          0   entry5.o
         0          0          0          0          0          0   entry7b.o
         0          0          0          0          0          0   entry8b.o
         8          4          0          0          0          0   entry9a.o
        30          0          0          0          0          0   handlers.o
        36          8          0          0          0         68   init.o

    ----------------------------------------------------------------------
        86         16          0          0          0         68   Library Totals
         0          0          0          0          0          0   (incl. Padding)

    ----------------------------------------------------------------------

      Code (inc. data)   RO Data    RW Data    ZI Data      Debug   Library Name

        86         16          0          0          0         68   mc_w.l

    ----------------------------------------------------------------------
        86         16          0          0          0         68   Library Totals

    ----------------------------------------------------------------------

==============================================================================


      Code (inc. data)   RO Data    RW Data    ZI Data      Debug   

      1264        122       1056          4       8244      81694   Grand Totals
      1264        122       1056          4       8244      81694   ELF Image Totals
      1264        122       1056          4          0          0   ROM Totals

==============================================================================

    Total RO  Size (Code + RO Data)                 2320 (   2.27kB)
    Total RW  Size (RW Data + ZI Data)              8248 (   8.05kB)
    Total ROM Size (Code + RO Data + RW Data)       2324 (   2.27kB)

==============================================================================

